[09-Jan-2026 10:11:57 UTC] PHP Warning:  mysqli_real_connect(): (HY000/2002): Aucune connexion n’a pu être établie car l’ordinateur cible l’a expressément refusée in C:\xampp\htdocs\wordpress-6.9\wordpress\wp-includes\class-wpdb.php on line 1994
[09-Jan-2026 10:12:00 UTC] PHP Warning:  mysqli_real_connect(): (HY000/2002): Aucune connexion n’a pu être établie car l’ordinateur cible l’a expressément refusée in C:\xampp\htdocs\wordpress-6.9\wordpress\wp-includes\class-wpdb.php on line 1994
[09-Jan-2026 10:12:08 UTC] PHP Warning:  mysqli_real_connect(): (HY000/2002): Aucune connexion n’a pu être établie car l’ordinateur cible l’a expressément refusée in C:\xampp\htdocs\wordpress-6.9\wordpress\wp-includes\class-wpdb.php on line 1994
[09-Jan-2026 10:13:21 UTC] Automatic updates starting...
[09-Jan-2026 10:13:22 UTC] Automatic updates complete.
[11-Jan-2026 13:44:52 UTC] PHP Warning:  mysqli_real_connect(): (HY000/2002): Aucune connexion n’a pu être établie car l’ordinateur cible l’a expressément refusée in C:\xampp\htdocs\wordpress-6.9\wordpress\wp-includes\class-wpdb.php on line 1994
[11-Jan-2026 14:01:29 UTC] PHP Warning:  mysqli_real_connect(): (HY000/2002): Aucune connexion n’a pu être établie car l’ordinateur cible l’a expressément refusée in C:\xampp\htdocs\wordpress-6.9\wordpress\wp-includes\class-wpdb.php on line 1994
[13-Jan-2026 14:39:20 UTC] Automatic updates starting...
[13-Jan-2026 14:39:22 UTC]   Automatic plugin updates starting...
[13-Jan-2026 14:39:22 UTC]   Automatic plugin updates complete.
[13-Jan-2026 14:39:23 UTC] Automatic updates complete.
[13-Jan-2026 14:43:31 UTC] PHP Parse error:  syntax error, unexpected double-quoted string "container_aria_label", expecting ")" in C:\xampp\htdocs\wordpress-6.9\wordpress\wp-content\themes\theme-sheedan\footer.php on line 13
[13-Jan-2026 14:48:13 UTC] Automatic updates starting...
[13-Jan-2026 14:48:13 UTC]   Automatic plugin updates starting...
[13-Jan-2026 14:48:13 UTC]   Automatic plugin updates complete.
[13-Jan-2026 14:48:13 UTC] Automatic updates complete.
[13-Jan-2026 17:57:20 UTC] PHP Parse error:  syntax error, unexpected identifier "custom_social_icons" in C:\xampp\htdocs\wordpress-6.9\wordpress\wp-content\themes\new-theme\functions.php on line 58
[14-Jan-2026 13:26:59 UTC] PHP Warning:  mysqli_real_connect(): (HY000/2002): Aucune connexion n’a pu être établie car l’ordinateur cible l’a expressément refusée in C:\xampp\htdocs\wordpress-6.9\wordpress\wp-includes\class-wpdb.php on line 1994
[14-Jan-2026 13:27:09 UTC] PHP Warning:  mysqli_real_connect(): (HY000/2002): Aucune connexion n’a pu être établie car l’ordinateur cible l’a expressément refusée in C:\xampp\htdocs\wordpress-6.9\wordpress\wp-includes\class-wpdb.php on line 1994
[14-Jan-2026 13:27:19 UTC] PHP Warning:  mysqli_real_connect(): (HY000/2002): Aucune connexion n’a pu être établie car l’ordinateur cible l’a expressément refusée in C:\xampp\htdocs\wordpress-6.9\wordpress\wp-includes\class-wpdb.php on line 1994
[14-Jan-2026 13:27:21 UTC] PHP Warning:  mysqli_real_connect(): (HY000/2002): Aucune connexion n’a pu être établie car l’ordinateur cible l’a expressément refusée in C:\xampp\htdocs\wordpress-6.9\wordpress\wp-includes\class-wpdb.php on line 1994
[14-Jan-2026 13:27:23 UTC] PHP Warning:  mysqli_real_connect(): (HY000/2002): Aucune connexion n’a pu être établie car l’ordinateur cible l’a expressément refusée in C:\xampp\htdocs\wordpress-6.9\wordpress\wp-includes\class-wpdb.php on line 1994
[14-Jan-2026 13:27:33 UTC] PHP Warning:  mysqli_real_connect(): (HY000/2002): Aucune connexion n’a pu être établie car l’ordinateur cible l’a expressément refusée in C:\xampp\htdocs\wordpress-6.9\wordpress\wp-includes\class-wpdb.php on line 1994
[14-Jan-2026 13:27:41 UTC] PHP Warning:  mysqli_real_connect(): (HY000/2002): Aucune connexion n’a pu être établie car l’ordinateur cible l’a expressément refusée in C:\xampp\htdocs\wordpress-6.9\wordpress\wp-includes\class-wpdb.php on line 1994
[14-Jan-2026 13:27:59 UTC] PHP Warning:  mysqli_real_connect(): (HY000/2002): Aucune connexion n’a pu être établie car l’ordinateur cible l’a expressément refusée in C:\xampp\htdocs\wordpress-6.9\wordpress\wp-includes\class-wpdb.php on line 1994
[14-Jan-2026 13:29:27 UTC] Automatic updates starting...
[14-Jan-2026 13:29:29 UTC]   Automatic plugin updates starting...
[14-Jan-2026 13:29:29 UTC]   Automatic plugin updates complete.
[14-Jan-2026 13:29:31 UTC] Automatic updates complete.
[14-Jan-2026 13:45:19 UTC] PHP Warning:  wp_version_check(): Une erreur imprévue s’est produite. Il pourrait y avoir un problème avec WordPress.org ou la configuration de ce serveur. Si vous continuez à rencontrer ce problème, veuillez vous rendre sur les <a href="https://wpfr.net/support">forums de support</a>. (WordPress n’a pas pu établir de connexion sécurisée vers WordPress.org. Veuillez contacter l’administrateur ou l’administratrice de votre serveur.) in C:\xampp\htdocs\wordpress-6.9\wordpress\wp-includes\functions.php on line 6131
[14-Jan-2026 14:45:51 UTC] Automatic updates starting...
[14-Jan-2026 14:45:51 UTC] Automatic updates complete.
[14-Jan-2026 14:52:34 UTC] PHP Fatal error:  Uncaught TypeError: call_user_func_array(): Argument #1 ($callback) must be a valid callback, function "new_role" not found or invalid function name in C:\xampp\htdocs\wordpress-6.9\wordpress\wp-includes\class-wp-hook.php:341
Stack trace:
#0 C:\xampp\htdocs\wordpress-6.9\wordpress\wp-includes\class-wp-hook.php(365): WP_Hook->apply_filters(NULL, Array)
#1 C:\xampp\htdocs\wordpress-6.9\wordpress\wp-includes\plugin.php(522): WP_Hook->do_action(Array)
#2 C:\xampp\htdocs\wordpress-6.9\wordpress\wp-settings.php(742): do_action('init')
#3 C:\xampp\htdocs\wordpress-6.9\wordpress\wp-config.php(124): require_once('C:\\xampp\\htdocs...')
#4 C:\xampp\htdocs\wordpress-6.9\wordpress\wp-load.php(50): require_once('C:\\xampp\\htdocs...')
#5 C:\xampp\htdocs\wordpress-6.9\wordpress\wp-admin\admin-ajax.php(22): require_once('C:\\xampp\\htdocs...')
#6 {main}
  thrown in C:\xampp\htdocs\wordpress-6.9\wordpress\wp-includes\class-wp-hook.php on line 341
[14-Jan-2026 14:52:43 UTC] PHP Fatal error:  Uncaught TypeError: call_user_func_array(): Argument #1 ($callback) must be a valid callback, function "new_role" not found or invalid function name in C:\xampp\htdocs\wordpress-6.9\wordpress\wp-includes\class-wp-hook.php:341
Stack trace:
#0 C:\xampp\htdocs\wordpress-6.9\wordpress\wp-includes\class-wp-hook.php(365): WP_Hook->apply_filters(NULL, Array)
#1 C:\xampp\htdocs\wordpress-6.9\wordpress\wp-includes\plugin.php(522): WP_Hook->do_action(Array)
#2 C:\xampp\htdocs\wordpress-6.9\wordpress\wp-settings.php(742): do_action('init')
#3 C:\xampp\htdocs\wordpress-6.9\wordpress\wp-config.php(124): require_once('C:\\xampp\\htdocs...')
#4 C:\xampp\htdocs\wordpress-6.9\wordpress\wp-load.php(50): require_once('C:\\xampp\\htdocs...')
#5 C:\xampp\htdocs\wordpress-6.9\wordpress\wp-admin\admin-ajax.php(22): require_once('C:\\xampp\\htdocs...')
#6 {main}
  thrown in C:\xampp\htdocs\wordpress-6.9\wordpress\wp-includes\class-wp-hook.php on line 341
[14-Jan-2026 14:52:44 UTC] PHP Fatal error:  Uncaught TypeError: call_user_func_array(): Argument #1 ($callback) must be a valid callback, function "new_role" not found or invalid function name in C:\xampp\htdocs\wordpress-6.9\wordpress\wp-includes\class-wp-hook.php:341
Stack trace:
#0 C:\xampp\htdocs\wordpress-6.9\wordpress\wp-includes\class-wp-hook.php(365): WP_Hook->apply_filters(NULL, Array)
#1 C:\xampp\htdocs\wordpress-6.9\wordpress\wp-includes\plugin.php(522): WP_Hook->do_action(Array)
#2 C:\xampp\htdocs\wordpress-6.9\wordpress\wp-settings.php(742): do_action('init')
#3 C:\xampp\htdocs\wordpress-6.9\wordpress\wp-config.php(124): require_once('C:\\xampp\\htdocs...')
#4 C:\xampp\htdocs\wordpress-6.9\wordpress\wp-load.php(50): require_once('C:\\xampp\\htdocs...')
#5 C:\xampp\htdocs\wordpress-6.9\wordpress\wp-admin\admin.php(35): require_once('C:\\xampp\\htdocs...')
#6 C:\xampp\htdocs\wordpress-6.9\wordpress\wp-admin\edit.php(10): require_once('C:\\xampp\\htdocs...')
#7 {main}
  thrown in C:\xampp\htdocs\wordpress-6.9\wordpress\wp-includes\class-wp-hook.php on line 341
[14-Jan-2026 14:52:47 UTC] PHP Fatal error:  Uncaught TypeError: call_user_func_array(): Argument #1 ($callback) must be a valid callback, function "new_role" not found or invalid function name in C:\xampp\htdocs\wordpress-6.9\wordpress\wp-includes\class-wp-hook.php:341
Stack trace:
#0 C:\xampp\htdocs\wordpress-6.9\wordpress\wp-includes\class-wp-hook.php(365): WP_Hook->apply_filters(NULL, Array)
#1 C:\xampp\htdocs\wordpress-6.9\wordpress\wp-includes\plugin.php(522): WP_Hook->do_action(Array)
#2 C:\xampp\htdocs\wordpress-6.9\wordpress\wp-settings.php(742): do_action('init')
#3 C:\xampp\htdocs\wordpress-6.9\wordpress\wp-config.php(124): require_once('C:\\xampp\\htdocs...')
#4 C:\xampp\htdocs\wordpress-6.9\wordpress\wp-load.php(50): require_once('C:\\xampp\\htdocs...')
#5 C:\xampp\htdocs\wordpress-6.9\wordpress\wp-admin\admin.php(35): require_once('C:\\xampp\\htdocs...')
#6 C:\xampp\htdocs\wordpress-6.9\wordpress\wp-admin\edit.php(10): require_once('C:\\xampp\\htdocs...')
#7 {main}
  thrown in C:\xampp\htdocs\wordpress-6.9\wordpress\wp-includes\class-wp-hook.php on line 341
[14-Jan-2026 14:52:55 UTC] PHP Fatal error:  Uncaught TypeError: call_user_func_array(): Argument #1 ($callback) must be a valid callback, function "new_role" not found or invalid function name in C:\xampp\htdocs\wordpress-6.9\wordpress\wp-includes\class-wp-hook.php:341
Stack trace:
#0 C:\xampp\htdocs\wordpress-6.9\wordpress\wp-includes\class-wp-hook.php(365): WP_Hook->apply_filters(NULL, Array)
#1 C:\xampp\htdocs\wordpress-6.9\wordpress\wp-includes\plugin.php(522): WP_Hook->do_action(Array)
#2 C:\xampp\htdocs\wordpress-6.9\wordpress\wp-settings.php(742): do_action('init')
#3 C:\xampp\htdocs\wordpress-6.9\wordpress\wp-config.php(124): require_once('C:\\xampp\\htdocs...')
#4 C:\xampp\htdocs\wordpress-6.9\wordpress\wp-load.php(50): require_once('C:\\xampp\\htdocs...')
#5 C:\xampp\htdocs\wordpress-6.9\wordpress\wp-blog-header.php(13): require_once('C:\\xampp\\htdocs...')
#6 C:\xampp\htdocs\wordpress-6.9\wordpress\index.php(17): require('C:\\xampp\\htdocs...')
#7 {main}
  thrown in C:\xampp\htdocs\wordpress-6.9\wordpress\wp-includes\class-wp-hook.php on line 341
[14-Jan-2026 14:53:09 UTC] PHP Fatal error:  Uncaught TypeError: call_user_func_array(): Argument #1 ($callback) must be a valid callback, function "new_role" not found or invalid function name in C:\xampp\htdocs\wordpress-6.9\wordpress\wp-includes\class-wp-hook.php:341
Stack trace:
#0 C:\xampp\htdocs\wordpress-6.9\wordpress\wp-includes\class-wp-hook.php(365): WP_Hook->apply_filters(NULL, Array)
#1 C:\xampp\htdocs\wordpress-6.9\wordpress\wp-includes\plugin.php(522): WP_Hook->do_action(Array)
#2 C:\xampp\htdocs\wordpress-6.9\wordpress\wp-settings.php(742): do_action('init')
#3 C:\xampp\htdocs\wordpress-6.9\wordpress\wp-config.php(124): require_once('C:\\xampp\\htdocs...')
#4 C:\xampp\htdocs\wordpress-6.9\wordpress\wp-load.php(50): require_once('C:\\xampp\\htdocs...')
#5 C:\xampp\htdocs\wordpress-6.9\wordpress\wp-blog-header.php(13): require_once('C:\\xampp\\htdocs...')
#6 C:\xampp\htdocs\wordpress-6.9\wordpress\index.php(17): require('C:\\xampp\\htdocs...')
#7 {main}
  thrown in C:\xampp\htdocs\wordpress-6.9\wordpress\wp-includes\class-wp-hook.php on line 341
[14-Jan-2026 14:53:10 UTC] PHP Fatal error:  Uncaught TypeError: call_user_func_array(): Argument #1 ($callback) must be a valid callback, function "new_role" not found or invalid function name in C:\xampp\htdocs\wordpress-6.9\wordpress\wp-includes\class-wp-hook.php:341
Stack trace:
#0 C:\xampp\htdocs\wordpress-6.9\wordpress\wp-includes\class-wp-hook.php(365): WP_Hook->apply_filters(NULL, Array)
#1 C:\xampp\htdocs\wordpress-6.9\wordpress\wp-includes\plugin.php(522): WP_Hook->do_action(Array)
#2 C:\xampp\htdocs\wordpress-6.9\wordpress\wp-settings.php(742): do_action('init')
#3 C:\xampp\htdocs\wordpress-6.9\wordpress\wp-config.php(124): require_once('C:\\xampp\\htdocs...')
#4 C:\xampp\htdocs\wordpress-6.9\wordpress\wp-load.php(50): require_once('C:\\xampp\\htdocs...')
#5 C:\xampp\htdocs\wordpress-6.9\wordpress\wp-blog-header.php(13): require_once('C:\\xampp\\htdocs...')
#6 C:\xampp\htdocs\wordpress-6.9\wordpress\index.php(17): require('C:\\xampp\\htdocs...')
#7 {main}
  thrown in C:\xampp\htdocs\wordpress-6.9\wordpress\wp-includes\class-wp-hook.php on line 341
[14-Jan-2026 14:53:16 UTC] PHP Fatal error:  Uncaught TypeError: call_user_func_array(): Argument #1 ($callback) must be a valid callback, function "new_role" not found or invalid function name in C:\xampp\htdocs\wordpress-6.9\wordpress\wp-includes\class-wp-hook.php:341
Stack trace:
#0 C:\xampp\htdocs\wordpress-6.9\wordpress\wp-includes\class-wp-hook.php(365): WP_Hook->apply_filters(NULL, Array)
#1 C:\xampp\htdocs\wordpress-6.9\wordpress\wp-includes\plugin.php(522): WP_Hook->do_action(Array)
#2 C:\xampp\htdocs\wordpress-6.9\wordpress\wp-settings.php(742): do_action('init')
#3 C:\xampp\htdocs\wordpress-6.9\wordpress\wp-config.php(124): require_once('C:\\xampp\\htdocs...')
#4 C:\xampp\htdocs\wordpress-6.9\wordpress\wp-load.php(50): require_once('C:\\xampp\\htdocs...')
#5 C:\xampp\htdocs\wordpress-6.9\wordpress\wp-admin\admin-ajax.php(22): require_once('C:\\xampp\\htdocs...')
#6 {main}
  thrown in C:\xampp\htdocs\wordpress-6.9\wordpress\wp-includes\class-wp-hook.php on line 341
[14-Jan-2026 14:53:41 UTC] PHP Fatal error:  Uncaught TypeError: call_user_func_array(): Argument #1 ($callback) must be a valid callback, function "new_role" not found or invalid function name in C:\xampp\htdocs\wordpress-6.9\wordpress\wp-includes\class-wp-hook.php:341
Stack trace:
#0 C:\xampp\htdocs\wordpress-6.9\wordpress\wp-includes\class-wp-hook.php(365): WP_Hook->apply_filters(NULL, Array)
#1 C:\xampp\htdocs\wordpress-6.9\wordpress\wp-includes\plugin.php(522): WP_Hook->do_action(Array)
#2 C:\xampp\htdocs\wordpress-6.9\wordpress\wp-settings.php(742): do_action('init')
#3 C:\xampp\htdocs\wordpress-6.9\wordpress\wp-config.php(124): require_once('C:\\xampp\\htdocs...')
#4 C:\xampp\htdocs\wordpress-6.9\wordpress\wp-load.php(50): require_once('C:\\xampp\\htdocs...')
#5 C:\xampp\htdocs\wordpress-6.9\wordpress\wp-blog-header.php(13): require_once('C:\\xampp\\htdocs...')
#6 C:\xampp\htdocs\wordpress-6.9\wordpress\index.php(17): require('C:\\xampp\\htdocs...')
#7 {main}
  thrown in C:\xampp\htdocs\wordpress-6.9\wordpress\wp-includes\class-wp-hook.php on line 341
[14-Jan-2026 14:53:44 UTC] PHP Fatal error:  Uncaught TypeError: call_user_func_array(): Argument #1 ($callback) must be a valid callback, function "new_role" not found or invalid function name in C:\xampp\htdocs\wordpress-6.9\wordpress\wp-includes\class-wp-hook.php:341
Stack trace:
#0 C:\xampp\htdocs\wordpress-6.9\wordpress\wp-includes\class-wp-hook.php(365): WP_Hook->apply_filters(NULL, Array)
#1 C:\xampp\htdocs\wordpress-6.9\wordpress\wp-includes\plugin.php(522): WP_Hook->do_action(Array)
#2 C:\xampp\htdocs\wordpress-6.9\wordpress\wp-settings.php(742): do_action('init')
#3 C:\xampp\htdocs\wordpress-6.9\wordpress\wp-config.php(124): require_once('C:\\xampp\\htdocs...')
#4 C:\xampp\htdocs\wordpress-6.9\wordpress\wp-load.php(50): require_once('C:\\xampp\\htdocs...')
#5 C:\xampp\htdocs\wordpress-6.9\wordpress\wp-blog-header.php(13): require_once('C:\\xampp\\htdocs...')
#6 C:\xampp\htdocs\wordpress-6.9\wordpress\index.php(17): require('C:\\xampp\\htdocs...')
#7 {main}
  thrown in C:\xampp\htdocs\wordpress-6.9\wordpress\wp-includes\class-wp-hook.php on line 341
[14-Jan-2026 14:53:49 UTC] PHP Fatal error:  Uncaught TypeError: call_user_func_array(): Argument #1 ($callback) must be a valid callback, function "new_role" not found or invalid function name in C:\xampp\htdocs\wordpress-6.9\wordpress\wp-includes\class-wp-hook.php:341
Stack trace:
#0 C:\xampp\htdocs\wordpress-6.9\wordpress\wp-includes\class-wp-hook.php(365): WP_Hook->apply_filters(NULL, Array)
#1 C:\xampp\htdocs\wordpress-6.9\wordpress\wp-includes\plugin.php(522): WP_Hook->do_action(Array)
#2 C:\xampp\htdocs\wordpress-6.9\wordpress\wp-settings.php(742): do_action('init')
#3 C:\xampp\htdocs\wordpress-6.9\wordpress\wp-config.php(124): require_once('C:\\xampp\\htdocs...')
#4 C:\xampp\htdocs\wordpress-6.9\wordpress\wp-load.php(50): require_once('C:\\xampp\\htdocs...')
#5 C:\xampp\htdocs\wordpress-6.9\wordpress\wp-blog-header.php(13): require_once('C:\\xampp\\htdocs...')
#6 C:\xampp\htdocs\wordpress-6.9\wordpress\index.php(17): require('C:\\xampp\\htdocs...')
#7 {main}
  thrown in C:\xampp\htdocs\wordpress-6.9\wordpress\wp-includes\class-wp-hook.php on line 341
[14-Jan-2026 14:53:51 UTC] PHP Fatal error:  Uncaught TypeError: call_user_func_array(): Argument #1 ($callback) must be a valid callback, function "new_role" not found or invalid function name in C:\xampp\htdocs\wordpress-6.9\wordpress\wp-includes\class-wp-hook.php:341
Stack trace:
#0 C:\xampp\htdocs\wordpress-6.9\wordpress\wp-includes\class-wp-hook.php(365): WP_Hook->apply_filters(NULL, Array)
#1 C:\xampp\htdocs\wordpress-6.9\wordpress\wp-includes\plugin.php(522): WP_Hook->do_action(Array)
#2 C:\xampp\htdocs\wordpress-6.9\wordpress\wp-settings.php(742): do_action('init')
#3 C:\xampp\htdocs\wordpress-6.9\wordpress\wp-config.php(124): require_once('C:\\xampp\\htdocs...')
#4 C:\xampp\htdocs\wordpress-6.9\wordpress\wp-load.php(50): require_once('C:\\xampp\\htdocs...')
#5 C:\xampp\htdocs\wordpress-6.9\wordpress\wp-blog-header.php(13): require_once('C:\\xampp\\htdocs...')
#6 C:\xampp\htdocs\wordpress-6.9\wordpress\index.php(17): require('C:\\xampp\\htdocs...')
#7 {main}
  thrown in C:\xampp\htdocs\wordpress-6.9\wordpress\wp-includes\class-wp-hook.php on line 341
[14-Jan-2026 14:53:55 UTC] PHP Fatal error:  Uncaught TypeError: call_user_func_array(): Argument #1 ($callback) must be a valid callback, function "new_role" not found or invalid function name in C:\xampp\htdocs\wordpress-6.9\wordpress\wp-includes\class-wp-hook.php:341
Stack trace:
#0 C:\xampp\htdocs\wordpress-6.9\wordpress\wp-includes\class-wp-hook.php(365): WP_Hook->apply_filters(NULL, Array)
#1 C:\xampp\htdocs\wordpress-6.9\wordpress\wp-includes\plugin.php(522): WP_Hook->do_action(Array)
#2 C:\xampp\htdocs\wordpress-6.9\wordpress\wp-settings.php(742): do_action('init')
#3 C:\xampp\htdocs\wordpress-6.9\wordpress\wp-config.php(124): require_once('C:\\xampp\\htdocs...')
#4 C:\xampp\htdocs\wordpress-6.9\wordpress\wp-load.php(50): require_once('C:\\xampp\\htdocs...')
#5 C:\xampp\htdocs\wordpress-6.9\wordpress\wp-blog-header.php(13): require_once('C:\\xampp\\htdocs...')
#6 C:\xampp\htdocs\wordpress-6.9\wordpress\index.php(17): require('C:\\xampp\\htdocs...')
#7 {main}
  thrown in C:\xampp\htdocs\wordpress-6.9\wordpress\wp-includes\class-wp-hook.php on line 341
[14-Jan-2026 14:54:56 UTC] PHP Fatal error:  Uncaught TypeError: call_user_func_array(): Argument #1 ($callback) must be a valid callback, function "new_role" not found or invalid function name in C:\xampp\htdocs\wordpress-6.9\wordpress\wp-includes\class-wp-hook.php:341
Stack trace:
#0 C:\xampp\htdocs\wordpress-6.9\wordpress\wp-includes\class-wp-hook.php(365): WP_Hook->apply_filters(NULL, Array)
#1 C:\xampp\htdocs\wordpress-6.9\wordpress\wp-includes\plugin.php(522): WP_Hook->do_action(Array)
#2 C:\xampp\htdocs\wordpress-6.9\wordpress\wp-settings.php(742): do_action('init')
#3 C:\xampp\htdocs\wordpress-6.9\wordpress\wp-config.php(124): require_once('C:\\xampp\\htdocs...')
#4 C:\xampp\htdocs\wordpress-6.9\wordpress\wp-load.php(50): require_once('C:\\xampp\\htdocs...')
#5 C:\xampp\htdocs\wordpress-6.9\wordpress\wp-blog-header.php(13): require_once('C:\\xampp\\htdocs...')
#6 C:\xampp\htdocs\wordpress-6.9\wordpress\index.php(17): require('C:\\xampp\\htdocs...')
#7 {main}
  thrown in C:\xampp\htdocs\wordpress-6.9\wordpress\wp-includes\class-wp-hook.php on line 341
[14-Jan-2026 14:55:00 UTC] PHP Fatal error:  Uncaught TypeError: call_user_func_array(): Argument #1 ($callback) must be a valid callback, function "new_role" not found or invalid function name in C:\xampp\htdocs\wordpress-6.9\wordpress\wp-includes\class-wp-hook.php:341
Stack trace:
#0 C:\xampp\htdocs\wordpress-6.9\wordpress\wp-includes\class-wp-hook.php(365): WP_Hook->apply_filters(NULL, Array)
#1 C:\xampp\htdocs\wordpress-6.9\wordpress\wp-includes\plugin.php(522): WP_Hook->do_action(Array)
#2 C:\xampp\htdocs\wordpress-6.9\wordpress\wp-settings.php(742): do_action('init')
#3 C:\xampp\htdocs\wordpress-6.9\wordpress\wp-config.php(124): require_once('C:\\xampp\\htdocs...')
#4 C:\xampp\htdocs\wordpress-6.9\wordpress\wp-load.php(50): require_once('C:\\xampp\\htdocs...')
#5 C:\xampp\htdocs\wordpress-6.9\wordpress\wp-blog-header.php(13): require_once('C:\\xampp\\htdocs...')
#6 C:\xampp\htdocs\wordpress-6.9\wordpress\index.php(17): require('C:\\xampp\\htdocs...')
#7 {main}
  thrown in C:\xampp\htdocs\wordpress-6.9\wordpress\wp-includes\class-wp-hook.php on line 341
[14-Jan-2026 14:55:01 UTC] PHP Fatal error:  Uncaught TypeError: call_user_func_array(): Argument #1 ($callback) must be a valid callback, function "new_role" not found or invalid function name in C:\xampp\htdocs\wordpress-6.9\wordpress\wp-includes\class-wp-hook.php:341
Stack trace:
#0 C:\xampp\htdocs\wordpress-6.9\wordpress\wp-includes\class-wp-hook.php(365): WP_Hook->apply_filters(NULL, Array)
#1 C:\xampp\htdocs\wordpress-6.9\wordpress\wp-includes\plugin.php(522): WP_Hook->do_action(Array)
#2 C:\xampp\htdocs\wordpress-6.9\wordpress\wp-settings.php(742): do_action('init')
#3 C:\xampp\htdocs\wordpress-6.9\wordpress\wp-config.php(124): require_once('C:\\xampp\\htdocs...')
#4 C:\xampp\htdocs\wordpress-6.9\wordpress\wp-load.php(50): require_once('C:\\xampp\\htdocs...')
#5 C:\xampp\htdocs\wordpress-6.9\wordpress\wp-blog-header.php(13): require_once('C:\\xampp\\htdocs...')
#6 C:\xampp\htdocs\wordpress-6.9\wordpress\index.php(17): require('C:\\xampp\\htdocs...')
#7 {main}
  thrown in C:\xampp\htdocs\wordpress-6.9\wordpress\wp-includes\class-wp-hook.php on line 341
[14-Jan-2026 14:55:17 UTC] PHP Fatal error:  Uncaught TypeError: call_user_func_array(): Argument #1 ($callback) must be a valid callback, function "new_role" not found or invalid function name in C:\xampp\htdocs\wordpress-6.9\wordpress\wp-includes\class-wp-hook.php:341
Stack trace:
#0 C:\xampp\htdocs\wordpress-6.9\wordpress\wp-includes\class-wp-hook.php(365): WP_Hook->apply_filters(NULL, Array)
#1 C:\xampp\htdocs\wordpress-6.9\wordpress\wp-includes\plugin.php(522): WP_Hook->do_action(Array)
#2 C:\xampp\htdocs\wordpress-6.9\wordpress\wp-settings.php(742): do_action('init')
#3 C:\xampp\htdocs\wordpress-6.9\wordpress\wp-config.php(124): require_once('C:\\xampp\\htdocs...')
#4 C:\xampp\htdocs\wordpress-6.9\wordpress\wp-load.php(50): require_once('C:\\xampp\\htdocs...')
#5 C:\xampp\htdocs\wordpress-6.9\wordpress\wp-admin\admin-ajax.php(22): require_once('C:\\xampp\\htdocs...')
#6 {main}
  thrown in C:\xampp\htdocs\wordpress-6.9\wordpress\wp-includes\class-wp-hook.php on line 341
[14-Jan-2026 15:08:35 UTC] PHP Fatal error:  Allowed memory size of 536870912 bytes exhausted (tried to allocate 262144 bytes) in C:\xampp\htdocs\wordpress-6.9\wordpress\wp-content\themes\new-theme\functions.php on line 211
[14-Jan-2026 15:08:35 UTC] PHP Fatal error:  Allowed memory size of 536870912 bytes exhausted (tried to allocate 262144 bytes) in Unknown on line 0
[14-Jan-2026 15:08:37 UTC] PHP Fatal error:  Allowed memory size of 536870912 bytes exhausted (tried to allocate 262144 bytes) in C:\xampp\htdocs\wordpress-6.9\wordpress\wp-content\themes\new-theme\functions.php on line 211
[14-Jan-2026 15:08:37 UTC] PHP Fatal error:  Allowed memory size of 536870912 bytes exhausted (tried to allocate 262144 bytes) in Unknown on line 0
[14-Jan-2026 15:08:55 UTC] PHP Fatal error:  Allowed memory size of 536870912 bytes exhausted (tried to allocate 262144 bytes) in C:\xampp\htdocs\wordpress-6.9\wordpress\wp-content\themes\new-theme\functions.php on line 211
[14-Jan-2026 15:08:55 UTC] PHP Fatal error:  Allowed memory size of 536870912 bytes exhausted (tried to allocate 262144 bytes) in Unknown on line 0
[14-Jan-2026 15:09:13 UTC] PHP Fatal error:  Allowed memory size of 536870912 bytes exhausted (tried to allocate 262144 bytes) in C:\xampp\htdocs\wordpress-6.9\wordpress\wp-content\themes\new-theme\functions.php on line 211
[14-Jan-2026 15:09:13 UTC] PHP Fatal error:  Allowed memory size of 536870912 bytes exhausted (tried to allocate 262144 bytes) in Unknown on line 0
[14-Jan-2026 15:09:25 UTC] PHP Fatal error:  Allowed memory size of 536870912 bytes exhausted (tried to allocate 262144 bytes) in C:\xampp\htdocs\wordpress-6.9\wordpress\wp-content\themes\new-theme\functions.php on line 212
[14-Jan-2026 15:09:25 UTC] PHP Fatal error:  Allowed memory size of 536870912 bytes exhausted (tried to allocate 262144 bytes) in Unknown on line 0
[14-Jan-2026 15:14:47 UTC] PHP Fatal error:  Uncaught TypeError: call_user_func_array(): Argument #1 ($callback) must be a valid callback, function "remove_theme" not found or invalid function name in C:\xampp\htdocs\wordpress-6.9\wordpress\wp-includes\class-wp-hook.php:341
Stack trace:
#0 C:\xampp\htdocs\wordpress-6.9\wordpress\wp-includes\class-wp-hook.php(365): WP_Hook->apply_filters(NULL, Array)
#1 C:\xampp\htdocs\wordpress-6.9\wordpress\wp-includes\plugin.php(522): WP_Hook->do_action(Array)
#2 C:\xampp\htdocs\wordpress-6.9\wordpress\wp-settings.php(742): do_action('init')
#3 C:\xampp\htdocs\wordpress-6.9\wordpress\wp-config.php(124): require_once('C:\\xampp\\htdocs...')
#4 C:\xampp\htdocs\wordpress-6.9\wordpress\wp-load.php(50): require_once('C:\\xampp\\htdocs...')
#5 C:\xampp\htdocs\wordpress-6.9\wordpress\wp-admin\admin-ajax.php(22): require_once('C:\\xampp\\htdocs...')
#6 {main}
  thrown in C:\xampp\htdocs\wordpress-6.9\wordpress\wp-includes\class-wp-hook.php on line 341
[14-Jan-2026 15:14:51 UTC] PHP Fatal error:  Uncaught TypeError: call_user_func_array(): Argument #1 ($callback) must be a valid callback, function "remove_theme" not found or invalid function name in C:\xampp\htdocs\wordpress-6.9\wordpress\wp-includes\class-wp-hook.php:341
Stack trace:
#0 C:\xampp\htdocs\wordpress-6.9\wordpress\wp-includes\class-wp-hook.php(365): WP_Hook->apply_filters(NULL, Array)
#1 C:\xampp\htdocs\wordpress-6.9\wordpress\wp-includes\plugin.php(522): WP_Hook->do_action(Array)
#2 C:\xampp\htdocs\wordpress-6.9\wordpress\wp-settings.php(742): do_action('init')
#3 C:\xampp\htdocs\wordpress-6.9\wordpress\wp-config.php(124): require_once('C:\\xampp\\htdocs...')
#4 C:\xampp\htdocs\wordpress-6.9\wordpress\wp-load.php(50): require_once('C:\\xampp\\htdocs...')
#5 C:\xampp\htdocs\wordpress-6.9\wordpress\wp-admin\admin.php(35): require_once('C:\\xampp\\htdocs...')
#6 C:\xampp\htdocs\wordpress-6.9\wordpress\wp-admin\user-new.php(10): require_once('C:\\xampp\\htdocs...')
#7 {main}
  thrown in C:\xampp\htdocs\wordpress-6.9\wordpress\wp-includes\class-wp-hook.php on line 341
[14-Jan-2026 16:52:28 UTC] PHP Fatal error:  Uncaught TypeError: call_user_func_array(): Argument #1 ($callback) must be a valid callback, function "pm_render_settings_page" not found or invalid function name in C:\xampp\htdocs\wordpress-6.9\wordpress\wp-includes\class-wp-hook.php:341
Stack trace:
#0 C:\xampp\htdocs\wordpress-6.9\wordpress\wp-includes\class-wp-hook.php(365): WP_Hook->apply_filters('', Array)
#1 C:\xampp\htdocs\wordpress-6.9\wordpress\wp-includes\plugin.php(522): WP_Hook->do_action(Array)
#2 C:\xampp\htdocs\wordpress-6.9\wordpress\wp-admin\admin.php(264): do_action('settings_page_p...')
#3 C:\xampp\htdocs\wordpress-6.9\wordpress\wp-admin\options-general.php(10): require_once('C:\\xampp\\htdocs...')
#4 {main}
  thrown in C:\xampp\htdocs\wordpress-6.9\wordpress\wp-includes\class-wp-hook.php on line 341
[14-Jan-2026 16:56:35 UTC] PHP Fatal error:  Uncaught TypeError: call_user_func(): Argument #1 ($callback) must be a valid callback, function "pm_main_section_callback" not found or invalid function name in C:\xampp\htdocs\wordpress-6.9\wordpress\wp-admin\includes\template.php:1782
Stack trace:
#0 C:\xampp\htdocs\wordpress-6.9\wordpress\wp-content\plugins\plugin-1\personnalize-message.php(44): do_settings_sections('pm-settings')
#1 C:\xampp\htdocs\wordpress-6.9\wordpress\wp-includes\class-wp-hook.php(341): pm_parametres_page('')
#2 C:\xampp\htdocs\wordpress-6.9\wordpress\wp-includes\class-wp-hook.php(365): WP_Hook->apply_filters('', Array)
#3 C:\xampp\htdocs\wordpress-6.9\wordpress\wp-includes\plugin.php(522): WP_Hook->do_action(Array)
#4 C:\xampp\htdocs\wordpress-6.9\wordpress\wp-admin\admin.php(264): do_action('settings_page_p...')
#5 C:\xampp\htdocs\wordpress-6.9\wordpress\wp-admin\options-general.php(10): require_once('C:\\xampp\\htdocs...')
#6 {main}
  thrown in C:\xampp\htdocs\wordpress-6.9\wordpress\wp-admin\includes\template.php on line 1782
[14-Jan-2026 16:58:49 UTC] PHP Fatal error:  Uncaught TypeError: call_user_func(): Argument #1 ($callback) must be a valid callback, function "pm_main_section_callback" not found or invalid function name in C:\xampp\htdocs\wordpress-6.9\wordpress\wp-admin\includes\template.php:1782
Stack trace:
#0 C:\xampp\htdocs\wordpress-6.9\wordpress\wp-content\plugins\plugin-1\personnalize-message.php(44): do_settings_sections('pm-settings')
#1 C:\xampp\htdocs\wordpress-6.9\wordpress\wp-includes\class-wp-hook.php(341): pm_parametres_page('')
#2 C:\xampp\htdocs\wordpress-6.9\wordpress\wp-includes\class-wp-hook.php(365): WP_Hook->apply_filters('', Array)
#3 C:\xampp\htdocs\wordpress-6.9\wordpress\wp-includes\plugin.php(522): WP_Hook->do_action(Array)
#4 C:\xampp\htdocs\wordpress-6.9\wordpress\wp-admin\admin.php(264): do_action('settings_page_p...')
#5 C:\xampp\htdocs\wordpress-6.9\wordpress\wp-admin\options-general.php(10): require_once('C:\\xampp\\htdocs...')
#6 {main}
  thrown in C:\xampp\htdocs\wordpress-6.9\wordpress\wp-admin\includes\template.php on line 1782
[14-Jan-2026 17:01:39 UTC] PHP Fatal error:  Uncaught TypeError: call_user_func(): Argument #1 ($callback) must be a valid callback, function "pm_message_field_callback" not found or invalid function name in C:\xampp\htdocs\wordpress-6.9\wordpress\wp-admin\includes\template.php:1834
Stack trace:
#0 C:\xampp\htdocs\wordpress-6.9\wordpress\wp-admin\includes\template.php(1787): do_settings_fields('pm-settings', 'pm_main_section')
#1 C:\xampp\htdocs\wordpress-6.9\wordpress\wp-content\plugins\plugin-1\personnalize-message.php(44): do_settings_sections('pm-settings')
#2 C:\xampp\htdocs\wordpress-6.9\wordpress\wp-includes\class-wp-hook.php(341): pm_parametres_page('')
#3 C:\xampp\htdocs\wordpress-6.9\wordpress\wp-includes\class-wp-hook.php(365): WP_Hook->apply_filters('', Array)
#4 C:\xampp\htdocs\wordpress-6.9\wordpress\wp-includes\plugin.php(522): WP_Hook->do_action(Array)
#5 C:\xampp\htdocs\wordpress-6.9\wordpress\wp-admin\admin.php(264): do_action('settings_page_p...')
#6 C:\xampp\htdocs\wordpress-6.9\wordpress\wp-admin\options-general.php(10): require_once('C:\\xampp\\htdocs...')
#7 {main}
  thrown in C:\xampp\htdocs\wordpress-6.9\wordpress\wp-admin\includes\template.php on line 1834
[15-Jan-2026 13:22:09 UTC] Automatic updates starting...
[15-Jan-2026 13:22:12 UTC] Automatic updates complete.
[15-Jan-2026 14:45:53 UTC] Automatic updates starting...
[15-Jan-2026 14:45:53 UTC] Automatic updates complete.
[15-Jan-2026 14:47:34 UTC] PHP Fatal error:  Uncaught TypeError: call_user_func_array(): Argument #1 ($callback) must be a valid callback, function "_menu_footer_setup" not found or invalid function name in C:\xampp\htdocs\wordpress-6.9\wordpress\wp-includes\class-wp-hook.php:341
Stack trace:
#0 C:\xampp\htdocs\wordpress-6.9\wordpress\wp-includes\class-wp-hook.php(365): WP_Hook->apply_filters(NULL, Array)
#1 C:\xampp\htdocs\wordpress-6.9\wordpress\wp-includes\plugin.php(522): WP_Hook->do_action(Array)
#2 C:\xampp\htdocs\wordpress-6.9\wordpress\wp-settings.php(720): do_action('after_setup_the...')
#3 C:\xampp\htdocs\wordpress-6.9\wordpress\wp-config.php(124): require_once('C:\\xampp\\htdocs...')
#4 C:\xampp\htdocs\wordpress-6.9\wordpress\wp-load.php(50): require_once('C:\\xampp\\htdocs...')
#5 C:\xampp\htdocs\wordpress-6.9\wordpress\wp-blog-header.php(13): require_once('C:\\xampp\\htdocs...')
#6 C:\xampp\htdocs\wordpress-6.9\wordpress\index.php(17): require('C:\\xampp\\htdocs...')
#7 {main}
  thrown in C:\xampp\htdocs\wordpress-6.9\wordpress\wp-includes\class-wp-hook.php on line 341
[15-Jan-2026 14:47:53 UTC] PHP Fatal error:  Uncaught TypeError: call_user_func_array(): Argument #1 ($callback) must be a valid callback, function "_menu_footer_setup" not found or invalid function name in C:\xampp\htdocs\wordpress-6.9\wordpress\wp-includes\class-wp-hook.php:341
Stack trace:
#0 C:\xampp\htdocs\wordpress-6.9\wordpress\wp-includes\class-wp-hook.php(365): WP_Hook->apply_filters(NULL, Array)
#1 C:\xampp\htdocs\wordpress-6.9\wordpress\wp-includes\plugin.php(522): WP_Hook->do_action(Array)
#2 C:\xampp\htdocs\wordpress-6.9\wordpress\wp-settings.php(720): do_action('after_setup_the...')
#3 C:\xampp\htdocs\wordpress-6.9\wordpress\wp-config.php(124): require_once('C:\\xampp\\htdocs...')
#4 C:\xampp\htdocs\wordpress-6.9\wordpress\wp-load.php(50): require_once('C:\\xampp\\htdocs...')
#5 C:\xampp\htdocs\wordpress-6.9\wordpress\wp-admin\admin.php(35): require_once('C:\\xampp\\htdocs...')
#6 C:\xampp\htdocs\wordpress-6.9\wordpress\wp-admin\nav-menus.php(13): require_once('C:\\xampp\\htdocs...')
#7 {main}
  thrown in C:\xampp\htdocs\wordpress-6.9\wordpress\wp-includes\class-wp-hook.php on line 341
[15-Jan-2026 16:56:50 UTC] PHP Fatal error:  Uncaught Error: Undefined constant "ee" in C:\xampp\htdocs\wordpress-6.9\wordpress\wp-content\themes\GreenTech-Solution\functions.php:74
Stack trace:
#0 C:\xampp\htdocs\wordpress-6.9\wordpress\wp-includes\class-wp-hook.php(341): greentech_options_page('')
#1 C:\xampp\htdocs\wordpress-6.9\wordpress\wp-includes\class-wp-hook.php(365): WP_Hook->apply_filters('', Array)
#2 C:\xampp\htdocs\wordpress-6.9\wordpress\wp-includes\plugin.php(522): WP_Hook->do_action(Array)
#3 C:\xampp\htdocs\wordpress-6.9\wordpress\wp-admin\admin.php(264): do_action('toplevel_page_g...')
#4 {main}
  thrown in C:\xampp\htdocs\wordpress-6.9\wordpress\wp-content\themes\GreenTech-Solution\functions.php on line 74
[15-Jan-2026 16:56:51 UTC] PHP Warning:  Trying to access array offset on value of type bool in C:\xampp\htdocs\wordpress-6.9\wordpress\wp-includes\class-wp-recovery-mode-email-service.php on line 367
[15-Jan-2026 16:56:51 UTC] PHP Warning:  Trying to access array offset on value of type bool in C:\xampp\htdocs\wordpress-6.9\wordpress\wp-includes\class-wp-recovery-mode-email-service.php on line 368
